---
source: src/ui/runtime.rs
assertion_line: 287
expression: view
---
" File search >                 ⠯ Indexed attributes: 246 • Indexed Files: 512/125000  Tags   Files  "
"   Path                    Tags           Score   Unable to preview dir_0000/file_000000.txt:       "
"  ─────────────────────────────────────────────── 'dir_0000/file_000000.txt': No such file or       "
" ▶ …r_0000/file_000000.txt *.txt, dir_00… 0       directory (os error 2)                            "
"   …r_0000/file_000001.txt *.txt, dir_00… 0                                                         "
"   …r_0000/file_000002.txt *.txt, dir_00… 0                                                         "
"   …r_0000/file_000003.txt *.txt, dir_00… 0                                                         "
"   …r_0000/file_000004.txt *.txt, dir_00… 0                                                         "
"   …r_0000/file_000005.txt *.txt, dir_00… 0                                                         "
"   …r_0000/file_000006.txt *.txt, dir_00… 0                                                         "
"   …r_0000/file_000007.txt *.txt, dir_00… 0                                                         "
"   …r_0000/file_000008.txt *.txt, dir_00… 0                                                         "
"   …r_0000/file_000009.txt *.txt, dir_00… 0                                                         "
"   …r_0000/file_000010.txt *.txt, dir_00… 0                                                         "
"   …r_0000/file_000011.txt *.txt, dir_00… 0                                                         "
"   …r_0000/file_000012.txt *.txt, dir_00… 0                                                         "
"   …r_0000/file_000013.txt *.txt, dir_00… 0                                                         "
"   …r_0000/file_000014.txt *.txt, dir_00… 0                                                         "
"   …r_0000/file_000015.txt *.txt, dir_00… 0                                                         "
"   …r_0000/file_000016.txt *.txt, dir_00… 0                                                         "
"   …r_0000/file_000017.txt *.txt, dir_00… 0                                                         "
"   …r_0000/file_000018.txt *.txt, dir_00… 0                                                         "
"   …r_0000/file_000019.txt *.txt, dir_00… 0                                                         "
"   …r_0000/file_000020.txt *.txt, dir_00… 0                                                         "
"   …r_0000/file_000021.txt *.txt, dir_00… 0                                                         "
"   …r_0000/file_000022.txt *.txt, dir_00… 0                                                         "
"   …r_0000/file_000023.txt *.txt, dir_00… 0                                                         "
"   …r_0000/file_000024.txt *.txt, dir_00… 0                                                         "
"   …r_0000/file_000025.txt *.txt, dir_00… 0                                                         "
"   …r_0000/file_000026.txt *.txt, dir_00… 0                                                         "
