---
source: src/ui/runtime.rs
assertion_line: 278
expression: view
---
" File search >                 ⠯ Indexed attributes: 0/246 • Indexed Files: 0/125000  Tags   Files  "
" Path                                                        Tags                          Score    "
"  ────────────────────────────────────────────────────────────────────────────────────────────────  "
"                                             No results                                             "
"                                                                                                    "
"                                                                                                    "
"                                                                                                    "
"                                                                                                    "
"                                                                                                    "
"                                                                                                    "
"                                                                                                    "
"                                                                                                    "
"                                                                                                    "
"                                                                                                    "
"                                                                                                    "
"                                                                                                    "
"                                                                                                    "
"                                                                                                    "
"                                                                                                    "
"                                                                                                    "
"                                                                                                    "
"                                                                                                    "
"                                                                                                    "
"                                                                                                    "
"                                                                                                    "
"                                                                                                    "
"                                                                                                    "
"                                                                                                    "
"                                                                                                    "
"                                                                                                    "
